Copyright 1986-2022 Xilinx, Inc. All Rights Reserved. Copyright 2022-2024 Advanced Micro Devices, Inc. All Rights Reserved.
---------------------------------------------------------------------------------------------------------------------------------------------
| Tool Version : Vivado v.2024.2 (lin64) Build 5239630 Fri Nov 08 22:34:34 MST 2024
| Date         : Sat Mar 15 01:45:31 2025
| Host         : vader running 64-bit Arch Linux
| Command      : report_utilization -hierarchical -file reports/utilization_hierarchical_place.rpt
| Design       : top
| Device       : xc7a100tcsg324-1
| Speed File   : -1
| Design State : Fully Placed
---------------------------------------------------------------------------------------------------------------------------------------------

Utilization Design Information

Table of Contents
-----------------
1. Utilization by Hierarchy

1. Utilization by Hierarchy
---------------------------

+-----------------------------+---------------------------+------------+------------+---------+------+------+--------+--------+------------+
|           Instance          |           Module          | Total LUTs | Logic LUTs | LUTRAMs | SRLs |  FFs | RAMB36 | RAMB18 | DSP Blocks |
+-----------------------------+---------------------------+------------+------------+---------+------+------+--------+--------+------------+
| top                         |                     (top) |      11600 |       7844 |    3756 |    0 | 4763 |      0 |      0 |          4 |
|   (top)                     |                     (top) |          1 |          1 |       0 |    0 |    1 |      0 |      0 |          0 |
|   SOC                       |        Grande_Risco_5_SOC |      11599 |       7843 |    3756 |    0 | 4762 |      0 |      0 |          4 |
|     Gpios                   |                     GPIOS |         70 |         70 |       0 |    0 |  112 |      0 |      0 |          0 |
|       (Gpios)               |                     GPIOS |          4 |          4 |       0 |    0 |   78 |      0 |      0 |          0 |
|       Pwm0                  |                       PWM |         34 |         34 |       0 |    0 |   17 |      0 |      0 |          0 |
|       Pwm1                  |                     PWM_1 |         34 |         34 |       0 |    0 |   17 |      0 |      0 |          0 |
|     Leds                    |                      LEDs |          0 |          0 |       0 |    0 |   48 |      0 |      0 |          0 |
|     Memory                  |                    Memory |       2176 |        128 |    2048 |    0 |    0 |      0 |      0 |          0 |
|     Processor               |             Grande_Risco5 |       9195 |       7499 |    1696 |    0 | 4412 |      0 |      0 |          4 |
|       (Processor)           |             Grande_Risco5 |          0 |          0 |       0 |    0 |    2 |      0 |      0 |          0 |
|       DCache                |                    DCache |        291 |         75 |     216 |    0 |  258 |      0 |      0 |          0 |
|       ICache                |                    ICache |        627 |        203 |     424 |    0 |  515 |      0 |      0 |          0 |
|       M1                    | Cache_request_Multiplexer |          5 |          5 |       0 |    0 |  120 |      0 |      0 |          0 |
|       N1                    |                      Core |       8272 |       7216 |    1056 |    0 | 3517 |      0 |      0 |          4 |
|         CSR                 |                  CSR_Unit |         41 |         41 |       0 |    0 |  352 |      0 |      0 |          0 |
|         First_Stage         |                      IFID |       3858 |       2802 |    1056 |    0 | 1290 |      0 |      0 |          0 |
|           (First_Stage)     |                      IFID |       1103 |       1103 |       0 |    0 |  266 |      0 |      0 |          0 |
|           Branch_Prediction |         Branch_Prediction |       2755 |       1699 |    1056 |    0 | 1024 |      0 |      0 |          0 |
|         Fourth_Stage        |                     MEMWB |        118 |        118 |       0 |    0 |   72 |      0 |      0 |          0 |
|         RegisterBank        |                 Registers |        576 |        576 |       0 |    0 |  992 |      0 |      0 |          0 |
|         Second_Stage        |                      IDEX |       2145 |       2145 |       0 |    0 |  498 |      0 |      0 |          4 |
|           (Second_Stage)    |                      IDEX |       1313 |       1313 |       0 |    0 |  232 |      0 |      0 |          0 |
|           Alu               |                       Alu |        316 |        316 |       0 |    0 |    0 |      0 |      0 |          0 |
|           Mdu               |                       MDU |        517 |        517 |       0 |    0 |  266 |      0 |      0 |          4 |
|         Third_Stage         |                     EXMEM |       1540 |       1540 |       0 |    0 |  313 |      0 |      0 |          0 |
|     UART                    |                      UART |        159 |        147 |      12 |    0 |  190 |      0 |      0 |          0 |
|       (UART)                |                      UART |          8 |          8 |       0 |    0 |   71 |      0 |      0 |          0 |
|       rx_fifo               |                      FIFO |         24 |         18 |       6 |    0 |   20 |      0 |      0 |          0 |
|       tx_fifo               |                    FIFO_0 |         23 |         17 |       6 |    0 |   20 |      0 |      0 |          0 |
|       uart_rx               |                   UART_RX |         56 |         56 |       0 |    0 |   39 |      0 |      0 |          0 |
|       uart_tx               |                   UART_TX |         48 |         48 |       0 |    0 |   40 |      0 |      0 |          0 |
+-----------------------------+---------------------------+------------+------------+---------+------+------+--------+--------+------------+
* Note: The sum of lower-level cells may be larger than their parent cells total, due to cross-hierarchy LUT combining


