Copyright 1986-2022 Xilinx, Inc. All Rights Reserved. Copyright 2022-2024 Advanced Micro Devices, Inc. All Rights Reserved.
---------------------------------------------------------------------------------------------------------------------------------------------
| Tool Version : Vivado v.2024.2 (lin64) Build 5239630 Fri Nov 08 22:34:34 MST 2024
| Date         : Thu Feb 13 22:46:48 2025
| Host         : vader running 64-bit Arch Linux
| Command      : report_utilization -hierarchical -file reports/utilization_hierarchical_place.rpt
| Design       : top
| Device       : xc7a100tcsg324-1
| Speed File   : -1
| Design State : Fully Placed
---------------------------------------------------------------------------------------------------------------------------------------------

Utilization Design Information

Table of Contents
-----------------
1. Utilization by Hierarchy

1. Utilization by Hierarchy
---------------------------

+----------------------+---------------------------+------------+------------+---------+------+------+--------+--------+------------+
|       Instance       |           Module          | Total LUTs | Logic LUTs | LUTRAMs | SRLs |  FFs | RAMB36 | RAMB18 | DSP Blocks |
+----------------------+---------------------------+------------+------------+---------+------+------+--------+--------+------------+
| top                  |                     (top) |       3606 |       2468 |    1138 |    0 | 2112 |      0 |      0 |          4 |
|   (top)              |                     (top) |         15 |         15 |       0 |    0 |   35 |      0 |      0 |          0 |
|   SOC                |        Grande_Risco_5_SOC |       3592 |       2454 |    1138 |    0 | 2077 |      0 |      0 |          4 |
|     Memory           |                    Memory |       1088 |         64 |    1024 |    0 |    0 |      0 |      0 |          0 |
|     P1               |                      LEDs |          8 |          8 |       0 |    0 |   32 |      0 |      0 |          0 |
|     core             |             Grande_Risco5 |       2496 |       2382 |     114 |    0 | 2045 |      0 |      0 |          4 |
|       (core)         |             Grande_Risco5 |          2 |          2 |       0 |    0 |    0 |      0 |      0 |          0 |
|       Core           |                      Core |       2339 |       2339 |       0 |    0 | 1823 |      0 |      0 |          4 |
|         (Core)       |                      Core |       1136 |       1136 |       0 |    0 |  565 |      0 |      0 |          0 |
|         ForwardAMUX  |                       MUX |         34 |         34 |       0 |    0 |    0 |      0 |      0 |          0 |
|         ForwardBMUX  |                     MUX_0 |         34 |         34 |       0 |    0 |    0 |      0 |      0 |          0 |
|         Mdu          |                       MDU |        467 |        467 |       0 |    0 |  266 |      0 |      0 |          4 |
|         RegisterBank |                 Registers |        671 |        671 |       0 |    0 |  992 |      0 |      0 |          0 |
|       DCache         |                    DCache |         67 |         10 |      57 |    0 |   34 |      0 |      0 |          0 |
|       ICache         |                    ICache |         80 |         23 |      57 |    0 |   35 |      0 |      0 |          0 |
|       M1             | Cache_request_Multiplexer |         11 |         11 |       0 |    0 |  153 |      0 |      0 |          0 |
+----------------------+---------------------------+------------+------------+---------+------+------+--------+--------+------------+
* Note: The sum of lower-level cells may be larger than their parent cells total, due to cross-hierarchy LUT combining


