Copyright 1986-2022 Xilinx, Inc. All Rights Reserved. Copyright 2022-2024 Advanced Micro Devices, Inc. All Rights Reserved.
---------------------------------------------------------------------------------------------------------------------------------------------
| Tool Version : Vivado v.2024.2 (lin64) Build 5239630 Fri Nov 08 22:34:34 MST 2024
| Date         : Thu Mar 27 16:40:03 2025
| Host         : vader running 64-bit Arch Linux
| Command      : report_utilization -hierarchical -file reports/utilization_hierarchical_place.rpt
| Design       : top
| Device       : xc7vx690tffg1761-2
| Speed File   : -2
| Design State : Fully Placed
---------------------------------------------------------------------------------------------------------------------------------------------

Utilization Design Information

Table of Contents
-----------------
1. Utilization by Hierarchy

1. Utilization by Hierarchy
---------------------------

+-----------------------------+---------------------------+------------+------------+---------+------+------+--------+--------+------------+
|           Instance          |           Module          | Total LUTs | Logic LUTs | LUTRAMs | SRLs |  FFs | RAMB36 | RAMB18 | DSP Blocks |
+-----------------------------+---------------------------+------------+------------+---------+------+------+--------+--------+------------+
| top                         |                     (top) |      12439 |       8475 |    3964 |    0 | 5030 |      0 |      0 |          4 |
|   (top)                     |                     (top) |          1 |          1 |       0 |    0 |    1 |      0 |      0 |          0 |
|   SOC                       |        Grande_Risco_5_SOC |      12438 |       8474 |    3964 |    0 | 5029 |      0 |      0 |          4 |
|     Gpios                   |                     GPIOS |         70 |         70 |       0 |    0 |  116 |      0 |      0 |          0 |
|       (Gpios)               |                     GPIOS |          4 |          4 |       0 |    0 |   82 |      0 |      0 |          0 |
|       Pwm0                  |                       PWM |         34 |         34 |       0 |    0 |   17 |      0 |      0 |          0 |
|       Pwm1                  |                     PWM_1 |         34 |         34 |       0 |    0 |   17 |      0 |      0 |          0 |
|     Leds                    |                      LEDs |          0 |          0 |       0 |    0 |   40 |      0 |      0 |          0 |
|     Memory                  |                    Memory |       2176 |        128 |    2048 |    0 |    0 |      0 |      0 |          0 |
|     Processor               |             Grande_Risco5 |      10035 |       8131 |    1904 |    0 | 4678 |      0 |      0 |          4 |
|       (Processor)           |             Grande_Risco5 |          0 |          0 |       0 |    0 |    2 |      0 |      0 |          0 |
|       DCache                |                    DCache |        949 |        525 |     424 |    0 |  514 |      0 |      0 |          0 |
|       ICache                |                    ICache |        628 |        204 |     424 |    0 |  515 |      0 |      0 |          0 |
|       M1                    | Cache_request_Multiplexer |          5 |          5 |       0 |    0 |  120 |      0 |      0 |          0 |
|       N1                    |                      Core |       8453 |       7397 |    1056 |    0 | 3527 |      0 |      0 |          4 |
|         CSR                 |                  CSR_Unit |         41 |         41 |       0 |    0 |  352 |      0 |      0 |          0 |
|         First_Stage         |                      IFID |       3882 |       2826 |    1056 |    0 | 1297 |      0 |      0 |          0 |
|           (First_Stage)     |                      IFID |       1125 |       1125 |       0 |    0 |  273 |      0 |      0 |          0 |
|           Branch_Prediction |         Branch_Prediction |       2757 |       1701 |    1056 |    0 | 1024 |      0 |      0 |          0 |
|         Fourth_Stage        |                     MEMWB |        384 |        384 |       0 |    0 |   72 |      0 |      0 |          0 |
|         RegisterBank        |                 Registers |        576 |        576 |       0 |    0 |  992 |      0 |      0 |          0 |
|         Second_Stage        |                      IDEX |       1903 |       1903 |       0 |    0 |  504 |      0 |      0 |          4 |
|           (Second_Stage)    |                      IDEX |       1279 |       1279 |       0 |    0 |  238 |      0 |      0 |          0 |
|           Alu               |                       Alu |        312 |        312 |       0 |    0 |    0 |      0 |      0 |          0 |
|           Mdu               |                       MDU |        314 |        314 |       0 |    0 |  266 |      0 |      0 |          4 |
|         Third_Stage         |                     EXMEM |       1674 |       1674 |       0 |    0 |  310 |      0 |      0 |          0 |
|     UART                    |                      UART |        157 |        145 |      12 |    0 |  195 |      0 |      0 |          0 |
|       (UART)                |                      UART |          8 |          8 |       0 |    0 |   72 |      0 |      0 |          0 |
|       rx_fifo               |                      FIFO |         20 |         14 |       6 |    0 |   18 |      0 |      0 |          0 |
|       tx_fifo               |                    FIFO_0 |         21 |         15 |       6 |    0 |   18 |      0 |      0 |          0 |
|       uart_rx               |                   UART_RX |         56 |         56 |       0 |    0 |   39 |      0 |      0 |          0 |
|       uart_tx               |                   UART_TX |         52 |         52 |       0 |    0 |   48 |      0 |      0 |          0 |
+-----------------------------+---------------------------+------------+------------+---------+------+------+--------+--------+------------+
* Note: The sum of lower-level cells may be larger than their parent cells total, due to cross-hierarchy LUT combining


